\BOOKMARK [1][-]{figure.caption.2}{\376\377\144\130\211\201}{}% 1
\BOOKMARK [1][-]{section.1}{\376\377\200\314\146\157\116\016\227\000\154\102}{}% 2
\BOOKMARK [2][-]{subsection.1.1}{\376\377\225\356\230\230\143\320\121\372}{section.1}% 3
\BOOKMARK [2][-]{subsection.1.2}{\376\377\150\070\137\303\227\000\154\102}{section.1}% 4
\BOOKMARK [1][-]{section.2}{\376\377\174\373\176\337\213\276\213\241}{}% 5
\BOOKMARK [2][-]{subsection.2.1}{\376\377\140\073\117\123\147\266\147\204}{section.2}% 6
\BOOKMARK [2][-]{subsection.2.2}{\376\377\116\073\155\101\172\013\213\276\213\241}{section.2}% 7
\BOOKMARK [2][-]{subsection.2.3}{\376\377\142\200\147\057\220\011\127\213}{section.2}% 8
\BOOKMARK [1][-]{section.3}{\376\377\121\163\225\056\142\200\147\057\133\236\163\260}{}% 9
\BOOKMARK [2][-]{subsection.3.1}{\376\377\133\242\142\067\172\357\377\032\217\173\221\317\123\026\116\016\162\266\140\001\147\072}{section.3}% 10
\BOOKMARK [2][-]{subsection.3.2}{\376\377\133\242\142\067\172\357\220\350\177\162\116\016\201\352\124\057\122\250}{section.3}% 11
\BOOKMARK [2][-]{subsection.3.3}{\376\377\000T\000C\000P\000\040\123\117\213\256\116\016\215\350\213\276\131\007\220\032\117\341}{section.3}% 12
\BOOKMARK [2][-]{subsection.3.4}{\376\377\147\015\122\241\172\357\377\032\122\006\136\003\137\017\131\032\133\242\142\067\172\357\136\166\123\321}{section.3}% 13
\BOOKMARK [2][-]{subsection.3.5}{\376\377\000R\000O\000S\0002\000\040\202\202\160\271\123\026\213\306\122\053}{section.3}% 14
\BOOKMARK [2][-]{subsection.3.6}{\376\377\162\151\215\104\150\300\155\113}{section.3}% 15
\BOOKMARK [2][-]{subsection.3.7}{\376\377\116\272\201\070\213\306\122\053\225\350\143\247}{section.3}% 16
\BOOKMARK [2][-]{subsection.3.8}{\376\377\136\223\133\130\213\260\137\125\116\016\167\013\147\177}{section.3}% 17
\BOOKMARK [1][-]{section.4}{\376\377\145\160\143\156\226\306\116\016\152\041\127\213\213\255\176\303}{}% 18
\BOOKMARK [2][-]{subsection.4.1}{\376\377\145\160\143\156\121\306\131\007}{section.4}% 19
\BOOKMARK [2][-]{subsection.4.2}{\376\377\213\255\176\303\217\307\172\013\116\016\176\323\147\234}{section.4}% 20
\BOOKMARK [1][-]{section.5}{\376\377\230\171\166\356\217\355\116\343\123\206\172\013}{}% 21
\BOOKMARK [2][-]{subsection.5.1}{\376\377\162\110\147\054\157\024\217\333}{section.5}% 22
\BOOKMARK [2][-]{subsection.5.2}{\376\377\121\163\225\056\123\326\202\015}{section.5}% 23
\BOOKMARK [1][-]{section.6}{\376\377\174\373\176\337\213\304\117\060}{}% 24
\BOOKMARK [2][-]{subsection.6.1}{\376\377\174\373\176\337\162\171\160\271}{section.6}% 25
\BOOKMARK [2][-]{subsection.6.2}{\376\377\116\015\215\263\116\016\145\071\217\333\145\271\124\021}{section.6}% 26
\BOOKMARK [1][-]{section.7}{\376\377\140\073\176\323}{}% 27
\BOOKMARK [1][-]{table.caption.15}{\376\377\123\302\200\003\215\104\145\231}{}% 28
